[     529ms] [ERROR] Failed to load resource: the server responded with a status of 403 () @ https://www.reddit.com/r/vibecoding/:0
[    7495ms] [ERROR] Failed to load resource: net::ERR_SSL_PROTOCOL_ERROR @ https://id.rlcdn.com/472486.gif:0
[    7618ms] [ERROR] Failed to load resource: the server responded with a status of 403 () @ https://www.reddit.com/svc/events/preload-header?renderId=1e34c725-76e5-40f0-9721-012500fbcc04&pageType=login:0
[    7913ms] [LOG] Navigation listeners online @ https://www.redditstatic.com/shreddit/zh-CN/DnUwj4tsN2.js:0
[    7935ms] [ERROR] Failed to load resource: net::ERR_SSL_PROTOCOL_ERROR @ https://w3-reporting.reddit.com/reports:0
[    8050ms] [ERROR] Failed to load resource: the server responded with a status of 403 () @ https://www.reddit.com/svc/shreddit/data-protection-consent:0
[    8274ms] [ERROR] Failed to load resource: net::ERR_SSL_PROTOCOL_ERROR @ https://w3-reporting.reddit.com/policy:0
[    8570ms] [ERROR] Failed to load resource: net::ERR_SSL_PROTOCOL_ERROR @ https://error-tracking.reddit.com/o418887/api/5810803/envelope/?sentry_key=9f057df6115a4bb488c08ea12a835e6e&sentry_version=7:0
[   10532ms] [WARNING] <meta name="apple-mobile-web-app-capable" content="yes"> is deprecated. Please include <meta name="mobile-web-app-capable" content="yes"> @ https://www.reddit.com/login/?rdt=49410:0
[   10534ms] [ERROR] Failed to load resource: net::ERR_SSL_PROTOCOL_ERROR @ https://w3-reporting.reddit.com/reports:0
[   10654ms] [ERROR] Failed to load resource: the server responded with a status of 403 () @ https://www.reddit.com/svc/shreddit/client-errors:0
[   10692ms] [INFO] Banner not shown: beforeinstallpromptevent.preventDefault() called. The page must call beforeinstallpromptevent.prompt() to show the banner. @ https://www.reddit.com/login/?rdt=49410:0
[   18003ms] [WARNING] The resource https://www.reddit.com/svc/events/preload-header?renderId=1e34c725-76e5-40f0-9721-012500fbcc04&pageType=login was preloaded using link preload but not used within a few seconds from the window's load event. Please make sure it has an appropriate `as` value and it is preloaded intentionally. @ https://www.reddit.com/login/?rdt=49410:0
[   22871ms] [WARNING] The resource https://www.reddit.com/svc/events/preload-header?renderId=1e34c725-76e5-40f0-9721-012500fbcc04&pageType=login was preloaded using link preload but not used within a few seconds from the window's load event. Please make sure it has an appropriate `as` value and it is preloaded intentionally. @ https://www.reddit.com/login/?rdt=49410:0
[   34048ms] [ERROR] Failed to load resource: net::ERR_SSL_PROTOCOL_ERROR @ https://w3-reporting.reddit.com/reports:0
[   40491ms] [WARNING] The resource https://www.reddit.com/svc/events/preload-header?renderId=1e34c725-76e5-40f0-9721-012500fbcc04&pageType=login was preloaded using link preload but not used within a few seconds from the window's load event. Please make sure it has an appropriate `as` value and it is preloaded intentionally. @ https://www.reddit.com/login/?rdt=49410:0
[   50120ms] [WARNING] The resource https://www.reddit.com/svc/events/preload-header?renderId=1e34c725-76e5-40f0-9721-012500fbcc04&pageType=login was preloaded using link preload but not used within a few seconds from the window's load event. Please make sure it has an appropriate `as` value and it is preloaded intentionally. @ https://www.reddit.com/login/?rdt=49410:0
[   73368ms] [WARNING] The resource https://www.reddit.com/svc/events/preload-header?renderId=1e34c725-76e5-40f0-9721-012500fbcc04&pageType=login was preloaded using link preload but not used within a few seconds from the window's load event. Please make sure it has an appropriate `as` value and it is preloaded intentionally. @ https://www.reddit.com/login/?rdt=49410:0
[  119714ms] [WARNING] The resource https://www.reddit.com/svc/events/preload-header?renderId=1e34c725-76e5-40f0-9721-012500fbcc04&pageType=login was preloaded using link preload but not used within a few seconds from the window's load event. Please make sure it has an appropriate `as` value and it is preloaded intentionally. @ https://www.reddit.com/login/?rdt=49410:0
[  127311ms] [ERROR] Failed to load resource: the server responded with a status of 400 () @ https://www.reddit.com/svc/shreddit/account/register_email_verify_initialize:0
[  131951ms] [WARNING] The resource https://www.reddit.com/svc/events/preload-header?renderId=1e34c725-76e5-40f0-9721-012500fbcc04&pageType=login was preloaded using link preload but not used within a few seconds from the window's load event. Please make sure it has an appropriate `as` value and it is preloaded intentionally. @ https://www.reddit.com/login/?rdt=49410:0
[  145518ms] [WARNING] The resource https://www.reddit.com/svc/events/preload-header?renderId=1e34c725-76e5-40f0-9721-012500fbcc04&pageType=login was preloaded using link preload but not used within a few seconds from the window's load event. Please make sure it has an appropriate `as` value and it is preloaded intentionally. @ https://www.reddit.com/login/?rdt=49410:0
[  153654ms] [WARNING] The resource https://www.reddit.com/svc/events/preload-header?renderId=1e34c725-76e5-40f0-9721-012500fbcc04&pageType=login was preloaded using link preload but not used within a few seconds from the window's load event. Please make sure it has an appropriate `as` value and it is preloaded intentionally. @ https://www.reddit.com/login/?rdt=49410:0
[  154226ms] [ERROR] Cross-Origin-Opener-Policy policy would block the window.closed call. @ https://accounts.google.com/gsi/client:97
[  154226ms] [ERROR] Cross-Origin-Opener-Policy policy would block the window.closed call. @ https://accounts.google.com/gsi/client:97
[  160911ms] [WARNING] The resource https://www.reddit.com/svc/events/preload-header?renderId=1e34c725-76e5-40f0-9721-012500fbcc04&pageType=login was preloaded using link preload but not used within a few seconds from the window's load event. Please make sure it has an appropriate `as` value and it is preloaded intentionally. @ https://www.reddit.com/login/?rdt=49410:0
[  167390ms] [WARNING] The resource https://www.reddit.com/svc/events/preload-header?renderId=1e34c725-76e5-40f0-9721-012500fbcc04&pageType=login was preloaded using link preload but not used within a few seconds from the window's load event. Please make sure it has an appropriate `as` value and it is preloaded intentionally. @ https://www.reddit.com/login/?rdt=49410:0
[  458960ms] [WARNING] The resource https://www.reddit.com/svc/events/preload-header?renderId=1e34c725-76e5-40f0-9721-012500fbcc04&pageType=login was preloaded using link preload but not used within a few seconds from the window's load event. Please make sure it has an appropriate `as` value and it is preloaded intentionally. @ https://www.reddit.com/login/?rdt=49410:0
[  644232ms] [WARNING] The resource https://www.reddit.com/svc/events/preload-header?renderId=1e34c725-76e5-40f0-9721-012500fbcc04&pageType=login was preloaded using link preload but not used within a few seconds from the window's load event. Please make sure it has an appropriate `as` value and it is preloaded intentionally. @ https://www.reddit.com/login/?rdt=49410:0
[  706158ms] [ERROR] Cross-Origin-Opener-Policy policy would block the window.postMessage call. @ https://accounts.google.com/gsi/client:375
[  706158ms] [ERROR] Cross-Origin-Opener-Policy policy would block the window.postMessage call. @ https://accounts.google.com/gsi/client:375
[  716450ms] [WARNING] The resource https://www.reddit.com/svc/events/preload-header?renderId=1e34c725-76e5-40f0-9721-012500fbcc04&pageType=login was preloaded using link preload but not used within a few seconds from the window's load event. Please make sure it has an appropriate `as` value and it is preloaded intentionally. @ https://www.reddit.com/login/?rdt=49410:0
[  756638ms] [WARNING] The resource https://www.reddit.com/svc/events/preload-header?renderId=1e34c725-76e5-40f0-9721-012500fbcc04&pageType=login was preloaded using link preload but not used within a few seconds from the window's load event. Please make sure it has an appropriate `as` value and it is preloaded intentionally. @ https://www.reddit.com/login/?rdt=49410:0
[  766760ms] [WARNING] The resource https://www.reddit.com/svc/events/preload-header?renderId=1e34c725-76e5-40f0-9721-012500fbcc04&pageType=login was preloaded using link preload but not used within a few seconds from the window's load event. Please make sure it has an appropriate `as` value and it is preloaded intentionally. @ https://www.reddit.com/login/?rdt=49410:0
[  774830ms] [WARNING] The resource https://www.reddit.com/svc/events/preload-header?renderId=1e34c725-76e5-40f0-9721-012500fbcc04&pageType=login was preloaded using link preload but not used within a few seconds from the window's load event. Please make sure it has an appropriate `as` value and it is preloaded intentionally. @ https://www.reddit.com/login/?rdt=49410:0
[  778242ms] [WARNING] The resource https://www.reddit.com/svc/events/preload-header?renderId=1e34c725-76e5-40f0-9721-012500fbcc04&pageType=login was preloaded using link preload but not used within a few seconds from the window's load event. Please make sure it has an appropriate `as` value and it is preloaded intentionally. @ https://www.reddit.com/login/?rdt=49410:0
[  791652ms] [ERROR] Failed to load resource: net::ERR_SSL_PROTOCOL_ERROR @ https://w3-reporting.reddit.com/reports:0
[  793487ms] [ERROR] Failed to load resource: net::ERR_SSL_PROTOCOL_ERROR @ https://w3-reporting.reddit.com/reports:0
[  796501ms] [WARNING] The resource https://www.reddit.com/svc/events/preload-header?renderId=43a60253-d0e2-4ed0-b53a-6fd90399ad47&pageType=home was preloaded using link preload but not used within a few seconds from the window's load event. Please make sure it has an appropriate `as` value and it is preloaded intentionally. @ https://www.reddit.com/?rdt=49410:0
[  796501ms] [WARNING] The resource https://www.reddit.com/svc/events/preload-header?renderId=1e34c725-76e5-40f0-9721-012500fbcc04&pageType=login was preloaded using link preload but not used within a few seconds from the window's load event. Please make sure it has an appropriate `as` value and it is preloaded intentionally. @ https://www.reddit.com/?rdt=49410:0
[  800926ms] [ERROR] Failed to load resource: net::ERR_SSL_PROTOCOL_ERROR @ https://alb.reddit.com/i.gif?za=Qm2KylD2Aw0kTAm036Eep8RD9Vj5T3n8rngLSmYb7La340xmQtlKWWbzi1br2lJ0LMkMiK7f1V8Nnq_tHpe9z394pIkO3IgVrtR4ApNgPIXZ-aX6cbAIqfUNH2JGe8jI_Axombz3Yc3ssJpX4GINlpuOBySwSqR41a5Wdv8WsjqWELzAS9UfYCWZC9Lr1GvKTiHA5djagIFkfdsEuQUObyy43oPrOCopsMaOpPep38Gn7eBtc-jdCRiRWHvgnDhPgJuPy-McaZPym27CUUxlm57kR9IkM4WTY1pIv6Yitd_-jaB6iPVgjHDK5ReELe0bf9PVgAw0CpqLrRBDAMvQ9m2Poif8e13HrWXVPw&zp=iWnYKEXFq52NVLDLq9UOjgh_ASvGIs0Mp2ztZ1NcARe83DplHXSjHKX-GMG3_FsbBkg_vplRVKSZ_L6WaNe6lQmvYMvCn1BnfkHnOzsYEHGWl_jsq6r6rX7Mm-9vEw&a=0&b=0&be=0&c=0&d=0&e=0&ea=0&eb=0&f=0&r=0&g=0&i=1778819458135&t=1778819458135&o=0&q=0&h=0&w=0&sh=1080&sw=1920:0
[  806203ms] InvalidStateError: Failed to execute 'dispatchEvent' on 'EventTarget': The event is already being dispatched.
    at handleActivate (https://www.redditstatic.com/shreddit/zh-CN/DnUwj4tsN2.js:4:18220)
[  809842ms] [ERROR] Failed to load resource: net::ERR_SSL_PROTOCOL_ERROR @ https://w3-reporting.reddit.com/reports:0
[  810094ms] [WARNING] <link rel=preload> must have a valid `as` value @ https://www.redditstatic.com/shreddit/zh-CN/DnUwj4tsN2.js:0
[  810138ms] [ERROR] Failed to load resource: net::ERR_SSL_PROTOCOL_ERROR @ https://w3-reporting.reddit.com/reports:0
[  820834ms] [WARNING] The resource https://www.reddit.com/svc/events/preload-header?renderId=43a60253-d0e2-4ed0-b53a-6fd90399ad47&pageType=home was preloaded using link preload but not used within a few seconds from the window's load event. Please make sure it has an appropriate `as` value and it is preloaded intentionally. @ https://www.reddit.com/avatar:0
[  820834ms] [WARNING] The resource https://www.reddit.com/svc/events/preload-header?renderId=bf0f0be3-1a1a-46d1-95b0-496d8b9bdd4a&pageType=profile_overview was preloaded using link preload but not used within a few seconds from the window's load event. Please make sure it has an appropriate `as` value and it is preloaded intentionally. @ https://www.reddit.com/avatar:0
[  820834ms] [WARNING] The resource https://www.reddit.com/svc/events/preload-header?renderId=1e34c725-76e5-40f0-9721-012500fbcc04&pageType=login was preloaded using link preload but not used within a few seconds from the window's load event. Please make sure it has an appropriate `as` value and it is preloaded intentionally. @ https://www.reddit.com/avatar:0
[  822202ms] [ERROR] Failed to load resource: net::ERR_SSL_PROTOCOL_ERROR @ https://w3-reporting.reddit.com/reports:0
[  822911ms] [ERROR] Failed to load resource: net::ERR_SSL_PROTOCOL_ERROR @ https://w3-reporting.reddit.com/reports:0
[  827999ms] [WARNING] The resource https://www.reddit.com/svc/events/preload-header?renderId=b169d5e2-87b4-4d44-b98e-0f5066c60357&pageType=avatar was preloaded using link preload but not used within a few seconds from the window's load event. Please make sure it has an appropriate `as` value and it is preloaded intentionally. @ https://www.reddit.com/avatar/edit?tab=Outfits:0
[  827999ms] [WARNING] The resource https://www.reddit.com/svc/events/preload-header?renderId=1e34c725-76e5-40f0-9721-012500fbcc04&pageType=login was preloaded using link preload but not used within a few seconds from the window's load event. Please make sure it has an appropriate `as` value and it is preloaded intentionally. @ https://www.reddit.com/avatar/edit?tab=Outfits:0
[  827999ms] [WARNING] The resource https://www.reddit.com/svc/events/preload-header?renderId=43a60253-d0e2-4ed0-b53a-6fd90399ad47&pageType=home was preloaded using link preload but not used within a few seconds from the window's load event. Please make sure it has an appropriate `as` value and it is preloaded intentionally. @ https://www.reddit.com/avatar/edit?tab=Outfits:0
[  827999ms] [WARNING] The resource https://www.reddit.com/svc/events/preload-header?renderId=bf0f0be3-1a1a-46d1-95b0-496d8b9bdd4a&pageType=profile_overview was preloaded using link preload but not used within a few seconds from the window's load event. Please make sure it has an appropriate `as` value and it is preloaded intentionally. @ https://www.reddit.com/avatar/edit?tab=Outfits:0
[  828303ms] Error: Connection has been terminated.
    at closed (https://www.redditstatic.com/shreddit/zh-CN/DnUwj4tsN2.js:1:254079)
    at Object.emit (https://www.redditstatic.com/shreddit/zh-CN/DnUwj4tsN2.js:1:248926)
    at n.onclose (https://www.redditstatic.com/shreddit/zh-CN/DnUwj4tsN2.js:1:249687)
[  837723ms] [WARNING] The resource https://www.reddit.com/svc/events/preload-header?renderId=b169d5e2-87b4-4d44-b98e-0f5066c60357&pageType=avatar was preloaded using link preload but not used within a few seconds from the window's load event. Please make sure it has an appropriate `as` value and it is preloaded intentionally. @ https://www.reddit.com/avatar/edit?tab=Outfits:0
[  837723ms] [WARNING] The resource https://www.reddit.com/svc/events/preload-header?renderId=1e34c725-76e5-40f0-9721-012500fbcc04&pageType=login was preloaded using link preload but not used within a few seconds from the window's load event. Please make sure it has an appropriate `as` value and it is preloaded intentionally. @ https://www.reddit.com/avatar/edit?tab=Outfits:0
[  837723ms] [WARNING] The resource https://www.reddit.com/svc/events/preload-header?renderId=43a60253-d0e2-4ed0-b53a-6fd90399ad47&pageType=home was preloaded using link preload but not used within a few seconds from the window's load event. Please make sure it has an appropriate `as` value and it is preloaded intentionally. @ https://www.reddit.com/avatar/edit?tab=Outfits:0
[  837723ms] [WARNING] The resource https://www.reddit.com/svc/events/preload-header?renderId=bf0f0be3-1a1a-46d1-95b0-496d8b9bdd4a&pageType=profile_overview was preloaded using link preload but not used within a few seconds from the window's load event. Please make sure it has an appropriate `as` value and it is preloaded intentionally. @ https://www.reddit.com/avatar/edit?tab=Outfits:0
[  839312ms] TypeError: Cannot read properties of null (reading 'iconUrl')
    at https://www.redditstatic.com/shreddit/zh-CN/DnUwj4tsN2.js:1:401627
    at i (https://www.redditstatic.com/shreddit/zh-CN/DnUwj4tsN2.js:1:401641)
    at String.replace (<anonymous>)
    at Rg (https://www.redditstatic.com/shreddit/zh-CN/DnUwj4tsN2.js:1:401663)
    at action (https://www.redditstatic.com/shreddit/zh-CN/DnUwj4tsN2.js:1:390017)
    at https://www.redditstatic.com/shreddit/zh-CN/DnUwj4tsN2.js:1:397659
    at r (https://www.redditstatic.com/shreddit/zh-CN/DnUwj4tsN2.js:1:397684)
    at n (https://www.redditstatic.com/shreddit/zh-CN/DnUwj4tsN2.js:1:398570)
    at Object.za [as p] (https://www.redditstatic.com/shreddit/zh-CN/DnUwj4tsN2.js:1:128664)
    at T.onSaveAvatar (https://www.redditstatic.com/js/concat?prefix=zh-CN/&chunks=7fvJfB_uv_,BIxU4cpAOg,BXi_-IuWBb,BdJEx718nD,C4Vkpby7DK,CFUBBkUOiA,CG_xikhllX,CSLAZRGJVe,D4Ao7FlHJp,DBXggPKAc2,DHXyhxrLFE,DSFOjVoM8l,DVHAKtwuJI,Dg2yDprc1A,Ds8__elxB2,DufcA96yan,Dws039TwFb,Vfjwx3-Gya,m-s3eb5XrA:60:9091)
[  842381ms] TypeError: Cannot read properties of null (reading 'iconUrl')
    at https://www.redditstatic.com/shreddit/zh-CN/DnUwj4tsN2.js:1:401627
    at i (https://www.redditstatic.com/shreddit/zh-CN/DnUwj4tsN2.js:1:401641)
    at String.replace (<anonymous>)
    at Rg (https://www.redditstatic.com/shreddit/zh-CN/DnUwj4tsN2.js:1:401663)
    at action (https://www.redditstatic.com/shreddit/zh-CN/DnUwj4tsN2.js:1:390017)
    at https://www.redditstatic.com/shreddit/zh-CN/DnUwj4tsN2.js:1:397659
    at r (https://www.redditstatic.com/shreddit/zh-CN/DnUwj4tsN2.js:1:397684)
    at n (https://www.redditstatic.com/shreddit/zh-CN/DnUwj4tsN2.js:1:398570)
    at Object.za [as p] (https://www.redditstatic.com/shreddit/zh-CN/DnUwj4tsN2.js:1:128664)
    at T.onSaveAvatar (https://www.redditstatic.com/js/concat?prefix=zh-CN/&chunks=7fvJfB_uv_,BIxU4cpAOg,BXi_-IuWBb,BdJEx718nD,C4Vkpby7DK,CFUBBkUOiA,CG_xikhllX,CSLAZRGJVe,D4Ao7FlHJp,DBXggPKAc2,DHXyhxrLFE,DSFOjVoM8l,DVHAKtwuJI,Dg2yDprc1A,Ds8__elxB2,DufcA96yan,Dws039TwFb,Vfjwx3-Gya,m-s3eb5XrA:60:9091)
[  845944ms] [WARNING] <link rel=preload> must have a valid `as` value @ https://www.redditstatic.com/shreddit/zh-CN/DnUwj4tsN2.js:0
[  845991ms] [ERROR] Failed to load resource: net::ERR_SSL_PROTOCOL_ERROR @ https://error-tracking.reddit.com/o418887/api/5810803/envelope/?sentry_key=9f057df6115a4bb488c08ea12a835e6e&sentry_version=7:0
[  845991ms] [ERROR] Failed to load resource: net::ERR_SSL_PROTOCOL_ERROR @ https://error-tracking.reddit.com/o418887/api/5810803/envelope/?sentry_key=9f057df6115a4bb488c08ea12a835e6e&sentry_version=7:0
[  846589ms] [ERROR] Failed to load resource: net::ERR_SSL_PROTOCOL_ERROR @ https://w3-reporting.reddit.com/reports:0
[  846602ms] [ERROR] Failed to load resource: net::ERR_SSL_PROTOCOL_ERROR @ https://w3-reporting.reddit.com/reports:0
[  866223ms] [WARNING] <link rel=preload> must have a valid `as` value @ https://www.reddit.com/user/JY6954/:1349
[  866275ms] [LOG] Navigation listeners online @ https://www.redditstatic.com/shreddit/zh-CN/DnUwj4tsN2.js:0
[  866284ms] [ERROR] Failed to load resource: net::ERR_SSL_PROTOCOL_ERROR @ https://id.rlcdn.com/472486.gif:0
[  868834ms] [ERROR] Failed to load resource: net::ERR_SSL_PROTOCOL_ERROR @ https://w3-reporting.reddit.com/policy:0
[  868860ms] [ERROR] Failed to load resource: net::ERR_SSL_PROTOCOL_ERROR @ https://error-tracking.reddit.com/o418887/api/5810803/envelope/?sentry_key=9f057df6115a4bb488c08ea12a835e6e&sentry_version=7:0
[  869255ms] [ERROR] Failed to load resource: net::ERR_SSL_PROTOCOL_ERROR @ https://w3-reporting.reddit.com/reports:0
[  869859ms] [INFO] Slow network is detected. See https://www.chromestatus.com/feature/5636954674692096 for more details. Fallback font will be used while loading: https://fonts.gstatic.com/s/roboto/v48/KFO7CnqEu92Fr1ME7kSn66aGLdTylUAMa3yUBA.woff2 @ https://www.gstatic.com/recaptcha/releases/Br0hYqpfWeFzYCAXLD4UuCIV/recaptcha__zh_cn.js:583
[  870373ms] [WARNING] <meta name="apple-mobile-web-app-capable" content="yes"> is deprecated. Please include <meta name="mobile-web-app-capable" content="yes"> @ https://www.reddit.com/user/JY6954/:0
[  870417ms] [INFO] Banner not shown: beforeinstallpromptevent.preventDefault() called. The page must call beforeinstallpromptevent.prompt() to show the banner. @ https://www.reddit.com/user/JY6954/:0
[  870468ms] [ERROR] Failed to load resource: net::ERR_SSL_PROTOCOL_ERROR @ https://w3-reporting.reddit.com/reports:0
[  872317ms] [ERROR] Failed to load resource: net::ERR_SSL_PROTOCOL_ERROR @ https://w3-reporting.reddit.com/reports:0
[  875942ms] [WARNING] The resource https://www.reddit.com/svc/events/preload-header?renderId=64f41af3-e38f-4a27-aa60-d3a42777bc9f&pageType=profile_overview was preloaded using link preload but not used within a few seconds from the window's load event. Please make sure it has an appropriate `as` value and it is preloaded intentionally. @ https://www.reddit.com/user/JY6954/:0
[  904764ms] [WARNING] The resource https://www.reddit.com/svc/events/preload-header?renderId=64f41af3-e38f-4a27-aa60-d3a42777bc9f&pageType=profile_overview was preloaded using link preload but not used within a few seconds from the window's load event. Please make sure it has an appropriate `as` value and it is preloaded intentionally. @ https://www.reddit.com/user/JY6954/:0
[  935601ms] [WARNING] The resource https://www.reddit.com/svc/events/preload-header?renderId=64f41af3-e38f-4a27-aa60-d3a42777bc9f&pageType=profile_overview was preloaded using link preload but not used within a few seconds from the window's load event. Please make sure it has an appropriate `as` value and it is preloaded intentionally. @ https://www.reddit.com/user/JY6954/:0
[  966642ms] [WARNING] The resource https://www.reddit.com/svc/events/preload-header?renderId=64f41af3-e38f-4a27-aa60-d3a42777bc9f&pageType=profile_overview was preloaded using link preload but not used within a few seconds from the window's load event. Please make sure it has an appropriate `as` value and it is preloaded intentionally. @ https://www.reddit.com/user/JY6954/:0
