[   17957ms] [INFO] Slow network is detected. See https://www.chromestatus.com/feature/5636954674692096 for more details. Fallback font will be used while loading: https://fonts.gstatic.com/s/roboto/v48/KFO7CnqEu92Fr1ME7kSn66aGLdTylUAMa3yUBA.woff2 @ https://accounts.google.com/gsi/button?theme=outline&size=large&shape=circle&logo_alignment=center&text=signup_with&width=300&is_fedcm_supported=true&client_id=49625052041-kgt0hghf445lmcmhijv46b715m2mpbct.apps.googleusercontent.com&iframe_id=gsi_22921_213983&cas=rMMShI6cCjW7S0HzRwla1t77sf7HaMKuSxUQufIK0Rw&hl=zh:0
[   31571ms] [INFO] Banner not shown: beforeinstallpromptevent.preventDefault() called. The page must call beforeinstallpromptevent.prompt() to show the banner. @ https://x.com/i/communities/1898129646782497027:0
[   31617ms] [INFO] Slow network is detected. See https://www.chromestatus.com/feature/5636954674692096 for more details. Fallback font will be used while loading: https://abs.twimg.com/responsive-web/client-web/Chirp-Heavy.f44ae4ea.woff2 @ https://abs.twimg.com/responsive-web/client-web/shared~ondemand.HoverCard~loader.HWCard~~loader.Typeahead~loader.DMDrawer~bundle.GrokDrawer~bundle.ReaderMode.2576743a.js:0
[   35815ms] [ERROR] Failed to load resource: the server responded with a status of 503 () @ https://ads-api.x.com/12/measurement/dcm_local_id:0
[  811205ms] [ERROR] Failed to load resource: net::ERR_CONNECTION_CLOSED @ https://api.x.com/live_pipeline/events?topic=%2Flive_content%2F2055148496169435136:0
[  811207ms] [ERROR] Failed to load resource: net::ERR_CONNECTION_CLOSED @ https://api.x.com/live_pipeline/events?topic=%2Favcall%2Fcreate%2F2055148496169435136,%2Favcall%2Fclear%2F2055148496169435136:0
[  817961ms] [ERROR] Failed to load resource: net::ERR_CONNECTION_CLOSED @ https://x.com/i/api/2/badge_count/badge_count.json?supports_ntab_urt=1&include_xchat_count=1:0
[  837322ms] [ERROR] Failed to load resource: the server responded with a status of 400 () @ https://api.x.com/1.1/live_pipeline/update_subscriptions:0
[ 1095770ms] Error: invariant(...): Second argument must be a string.
    at e (https://abs.twimg.com/responsive-web/client-web/shared~bundle.Routes~loader.HWCard~bundle.LiveEvent~bundle.Grok~bundle.Ocf~ondemand.Verified~bundle.UserProfi.755b154a.js:19:14081)
    at t.exports (https://abs.twimg.com/responsive-web/client-web/shared~bundle.Routes~loader.HWCard~bundle.LiveEvent~bundle.Grok~bundle.Ocf~ondemand.Verified~bundle.UserProfi.755b154a.js:19:14248)
    at c (https://abs.twimg.com/responsive-web/client-web/shared~bundle.Routes~loader.HWCard~bundle.LiveEvent~bundle.Grok~bundle.Ocf~ondemand.Verified~bundle.UserProfi.755b154a.js:15:11817)
    at t.exports (https://abs.twimg.com/responsive-web/client-web/shared~bundle.Routes~loader.HWCard~bundle.LiveEvent~bundle.Grok~bundle.Ocf~ondemand.Verified~bundle.UserProfi.755b154a.js:16:300)
    at t.exports (https://abs.twimg.com/responsive-web/client-web/shared~bundle.Routes~loader.HWCard~bundle.LiveEvent~bundle.Grok~bundle.Ocf~ondemand.Verified~bundle.UserProfi.755b154a.js:15:11591)
    at t.exports (https://abs.twimg.com/responsive-web/client-web/shared~bundle.Routes~loader.HWCard~bundle.LiveEvent~bundle.Grok~bundle.Ocf~ondemand.Verified~bundle.UserProfi.755b154a.js:15:5494)
    at https://abs.twimg.com/responsive-web/client-web/shared~bundle.Routes~loader.HWCard~bundle.LiveEvent~bundle.Grok~bundle.Ocf~ondemand.Verified~bundle.UserProfi.755b154a.js:3:7391
    at Object.ej (https://abs.twimg.com/responsive-web/client-web/vendor.fa82658a.js:69:8007)
    at eW (https://abs.twimg.com/responsive-web/client-web/vendor.fa82658a.js:69:8161)
    at https://abs.twimg.com/responsive-web/client-web/vendor.fa82658a.js:69:26473
[ 1112120ms] Error: invariant(...): Second argument must be a string.
    at e (https://abs.twimg.com/responsive-web/client-web/shared~bundle.Routes~loader.HWCard~bundle.LiveEvent~bundle.Grok~bundle.Ocf~ondemand.Verified~bundle.UserProfi.755b154a.js:19:14081)
    at t.exports (https://abs.twimg.com/responsive-web/client-web/shared~bundle.Routes~loader.HWCard~bundle.LiveEvent~bundle.Grok~bundle.Ocf~ondemand.Verified~bundle.UserProfi.755b154a.js:19:14248)
    at c (https://abs.twimg.com/responsive-web/client-web/shared~bundle.Routes~loader.HWCard~bundle.LiveEvent~bundle.Grok~bundle.Ocf~ondemand.Verified~bundle.UserProfi.755b154a.js:15:11817)
    at t.exports (https://abs.twimg.com/responsive-web/client-web/shared~bundle.Routes~loader.HWCard~bundle.LiveEvent~bundle.Grok~bundle.Ocf~ondemand.Verified~bundle.UserProfi.755b154a.js:16:300)
    at t.exports (https://abs.twimg.com/responsive-web/client-web/shared~bundle.Routes~loader.HWCard~bundle.LiveEvent~bundle.Grok~bundle.Ocf~ondemand.Verified~bundle.UserProfi.755b154a.js:15:11591)
    at t.exports (https://abs.twimg.com/responsive-web/client-web/shared~bundle.Routes~loader.HWCard~bundle.LiveEvent~bundle.Grok~bundle.Ocf~ondemand.Verified~bundle.UserProfi.755b154a.js:15:5494)
    at https://abs.twimg.com/responsive-web/client-web/shared~bundle.Routes~loader.HWCard~bundle.LiveEvent~bundle.Grok~bundle.Ocf~ondemand.Verified~bundle.UserProfi.755b154a.js:3:7391
    at Object.ej (https://abs.twimg.com/responsive-web/client-web/vendor.fa82658a.js:69:8007)
    at eW (https://abs.twimg.com/responsive-web/client-web/vendor.fa82658a.js:69:8161)
    at https://abs.twimg.com/responsive-web/client-web/vendor.fa82658a.js:69:26473
