[    2292ms] [WARNING]  %cZoneResolverFactory %c[create:sport_menu_banner] color:rgb(150,72,60); color:unset; error "Container element with id zone-sport_menu_banner not found" @ https://www.oddsportal.com/build/assets/app-DduXzzDn.js:1341
[    2293ms] [WARNING]  %cZoneResolverFactory %c[create:sport_menu_banner] color:rgb(150,72,60); color:unset; fallback to BasicZoneResolver @ https://www.oddsportal.com/build/assets/app-DduXzzDn.js:1341
[    2293ms] [WARNING]  %cZoneResolverFactory %c[create:soccer_sport_menu_banner] color:rgb(150,72,60); color:unset; error "Container element with id zone-soccer_sport_menu_banner not found" @ https://www.oddsportal.com/build/assets/app-DduXzzDn.js:1341
[    2294ms] [WARNING]  %cZoneResolverFactory %c[create:soccer_sport_menu_banner] color:rgb(150,72,60); color:unset; fallback to BasicZoneResolver @ https://www.oddsportal.com/build/assets/app-DduXzzDn.js:1341
[    2294ms] [WARNING]  %cZoneResolverFactory %c[create:desktop_bottom_banner] color:rgb(150,72,60); color:unset; error "Container element with id zone-desktop_bottom_banner not found" @ https://www.oddsportal.com/build/assets/app-DduXzzDn.js:1341
[    2294ms] [WARNING]  %cZoneResolverFactory %c[create:desktop_bottom_banner] color:rgb(150,72,60); color:unset; fallback to BasicZoneResolver @ https://www.oddsportal.com/build/assets/app-DduXzzDn.js:1341
[    2313ms] [ERROR] Failed to load resource: net::ERR_SSL_PROTOCOL_ERROR @ https://www.googletagmanager.com/gtm.js?id=GTM-W3GJZ5:0
[    3307ms] [ERROR] Failed to load resource: net::ERR_SSL_PROTOCOL_ERROR @ https://pagead2.googlesyndication.com/pagead/js/adsbygoogle.js:0
[    4808ms] [ERROR] Failed to load resource: net::ERR_SSL_PROTOCOL_ERROR @ https://content.livesportmedia.eu/api/v1/banners?zone-ids=3990%2C3989%2C3987%2C9977&client-type=PC&programmatic=false&betting=false:0
[    5815ms] [ERROR] Failed to load resource: net::ERR_SSL_PROTOCOL_ERROR @ https://content.livesportmedia.eu/api/v1/banners?zone-ids=3990%2C3989%2C3987%2C9977&client-type=PC&programmatic=false&betting=false:0
[    6833ms] [ERROR] Failed to load resource: net::ERR_SSL_PROTOCOL_ERROR @ https://content.livesportmedia.eu/api/v1/banners?zone-ids=3990%2C3989%2C3987%2C9977&client-type=PC&programmatic=false&betting=false:0
[    7837ms] [LOG]  %cBannerHandler %c[execute: error] color:rgb(78,162,156); color:unset; {code: 2, message: Failed to fetch, apiError: TypeError: Failed to fetch
    at https://www.oddsportal.com/build/assets/app-DduXzzDn.js:1342:2200…} @ https://www.oddsportal.com/build/assets/app-DduXzzDn.js:1341
[    9848ms] [WARNING] The resource https://www.oddsportal.com/fonts/OpenSans-Bold.woff2 was preloaded using link preload but not used within a few seconds from the window's load event. Please make sure it has an appropriate `as` value and it is preloaded intentionally. @ https://www.oddsportal.com/football/england/premier-league/:0
[    9848ms] [WARNING] The resource https://www.oddsportal.com/fonts/Montserrat-SemiBold.woff2 was preloaded using link preload but not used within a few seconds from the window's load event. Please make sure it has an appropriate `as` value and it is preloaded intentionally. @ https://www.oddsportal.com/football/england/premier-league/:0
[    9848ms] [WARNING] The resource https://www.oddsportal.com/fonts/OpenSans-Regular.woff2 was preloaded using link preload but not used within a few seconds from the window's load event. Please make sure it has an appropriate `as` value and it is preloaded intentionally. @ https://www.oddsportal.com/football/england/premier-league/:0
[    9848ms] [WARNING] The resource https://www.oddsportal.com/fonts/Montserrat-Bold.woff2 was preloaded using link preload but not used within a few seconds from the window's load event. Please make sure it has an appropriate `as` value and it is preloaded intentionally. @ https://www.oddsportal.com/football/england/premier-league/:0
[   13940ms] [ERROR] Failed to load resource: net::ERR_SSL_PROTOCOL_ERROR @ https://content.livesportmedia.eu/api/v1/banners?zone-ids=3990%2C3989%2C3987%2C9977&client-type=PC&programmatic=false&betting=false:0
[   14944ms] [ERROR] Failed to load resource: net::ERR_SSL_PROTOCOL_ERROR @ https://content.livesportmedia.eu/api/v1/banners?zone-ids=3990%2C3989%2C3987%2C9977&client-type=PC&programmatic=false&betting=false:0
[   15970ms] [ERROR] Failed to load resource: net::ERR_SSL_PROTOCOL_ERROR @ https://content.livesportmedia.eu/api/v1/banners?zone-ids=3990%2C3989%2C3987%2C9977&client-type=PC&programmatic=false&betting=false:0
[   16974ms] [LOG]  %cBannerHandler %c[execute: error] color:rgb(78,162,156); color:unset; {code: 2, message: Failed to fetch, apiError: TypeError: Failed to fetch
    at https://www.oddsportal.com/build/assets/app-DduXzzDn.js:1342:2200…} @ https://www.oddsportal.com/build/assets/app-DduXzzDn.js:1341
[   18971ms] [WARNING] The resource https://www.oddsportal.com/fonts/OpenSans-Bold.woff2 was preloaded using link preload but not used within a few seconds from the window's load event. Please make sure it has an appropriate `as` value and it is preloaded intentionally. @ https://www.oddsportal.com/football/england/premier-league/:0
[   18971ms] [WARNING] The resource https://www.oddsportal.com/fonts/Montserrat-SemiBold.woff2 was preloaded using link preload but not used within a few seconds from the window's load event. Please make sure it has an appropriate `as` value and it is preloaded intentionally. @ https://www.oddsportal.com/football/england/premier-league/:0
[   18971ms] [WARNING] The resource https://www.oddsportal.com/fonts/OpenSans-Regular.woff2 was preloaded using link preload but not used within a few seconds from the window's load event. Please make sure it has an appropriate `as` value and it is preloaded intentionally. @ https://www.oddsportal.com/football/england/premier-league/:0
[   18971ms] [WARNING] The resource https://www.oddsportal.com/fonts/Montserrat-Bold.woff2 was preloaded using link preload but not used within a few seconds from the window's load event. Please make sure it has an appropriate `as` value and it is preloaded intentionally. @ https://www.oddsportal.com/football/england/premier-league/:0
