[    6619ms] [WARNING]  %cZoneResolverFactory %c[create:sport_menu_banner] color:rgb(150,72,60); color:unset; error "Container element with id zone-sport_menu_banner not found" @ https://www.oddsportal.com/build/assets/app-DduXzzDn.js:1341
[    6621ms] [WARNING]  %cZoneResolverFactory %c[create:sport_menu_banner] color:rgb(150,72,60); color:unset; fallback to BasicZoneResolver @ https://www.oddsportal.com/build/assets/app-DduXzzDn.js:1341
[    6621ms] [WARNING]  %cZoneResolverFactory %c[create:soccer_sport_menu_banner] color:rgb(150,72,60); color:unset; error "Container element with id zone-soccer_sport_menu_banner not found" @ https://www.oddsportal.com/build/assets/app-DduXzzDn.js:1341
[    6621ms] [WARNING]  %cZoneResolverFactory %c[create:soccer_sport_menu_banner] color:rgb(150,72,60); color:unset; fallback to BasicZoneResolver @ https://www.oddsportal.com/build/assets/app-DduXzzDn.js:1341
[    6621ms] [WARNING]  %cZoneResolverFactory %c[create:desktop_bottom_banner] color:rgb(150,72,60); color:unset; error "Container element with id zone-desktop_bottom_banner not found" @ https://www.oddsportal.com/build/assets/app-DduXzzDn.js:1341
[    6621ms] [WARNING]  %cZoneResolverFactory %c[create:desktop_bottom_banner] color:rgb(150,72,60); color:unset; fallback to BasicZoneResolver @ https://www.oddsportal.com/build/assets/app-DduXzzDn.js:1341
[    7625ms] [ERROR] Failed to load resource: net::ERR_SSL_PROTOCOL_ERROR @ https://pagead2.googlesyndication.com/pagead/js/adsbygoogle.js:0
[    9150ms] [ERROR] Failed to load resource: net::ERR_SSL_PROTOCOL_ERROR @ https://content.livesportmedia.eu/api/v1/banners?zone-ids=3990%2C3989%2C3987%2C9977&client-type=PC&programmatic=false&betting=false:0
[    9506ms] [ERROR] Failed to load resource: net::ERR_SSL_PROTOCOL_ERROR @ https://www.googletagmanager.com/gtm.js?id=GTM-W3GJZ5:0
[   10165ms] [ERROR] Failed to load resource: net::ERR_SSL_PROTOCOL_ERROR @ https://content.livesportmedia.eu/api/v1/banners?zone-ids=3990%2C3989%2C3987%2C9977&client-type=PC&programmatic=false&betting=false:0
[   11175ms] [ERROR] Failed to load resource: net::ERR_SSL_PROTOCOL_ERROR @ https://content.livesportmedia.eu/api/v1/banners?zone-ids=3990%2C3989%2C3987%2C9977&client-type=PC&programmatic=false&betting=false:0
[   12185ms] [LOG]  %cBannerHandler %c[execute: error] color:rgb(78,162,156); color:unset; {code: 2, message: Failed to fetch, apiError: TypeError: Failed to fetch
    at https://www.oddsportal.com/build/assets/app-DduXzzDn.js:1342:2200…} @ https://www.oddsportal.com/build/assets/app-DduXzzDn.js:1341
[   17726ms] [WARNING]  %cZoneResolverFactory %c[create:sport_menu_banner] color:rgb(150,72,60); color:unset; error "Container element with id zone-sport_menu_banner not found" @ https://www.oddsportal.com/build/assets/app-DduXzzDn.js:1341
[   17728ms] [WARNING]  %cZoneResolverFactory %c[create:sport_menu_banner] color:rgb(150,72,60); color:unset; fallback to BasicZoneResolver @ https://www.oddsportal.com/build/assets/app-DduXzzDn.js:1341
[   17729ms] [WARNING]  %cZoneResolverFactory %c[create:soccer_sport_menu_banner] color:rgb(150,72,60); color:unset; error "Container element with id zone-soccer_sport_menu_banner not found" @ https://www.oddsportal.com/build/assets/app-DduXzzDn.js:1341
[   17729ms] [WARNING]  %cZoneResolverFactory %c[create:soccer_sport_menu_banner] color:rgb(150,72,60); color:unset; fallback to BasicZoneResolver @ https://www.oddsportal.com/build/assets/app-DduXzzDn.js:1341
[   17729ms] [WARNING]  %cZoneResolverFactory %c[create:desktop_bottom_banner] color:rgb(150,72,60); color:unset; error "Container element with id zone-desktop_bottom_banner not found" @ https://www.oddsportal.com/build/assets/app-DduXzzDn.js:1341
[   17729ms] [WARNING]  %cZoneResolverFactory %c[create:desktop_bottom_banner] color:rgb(150,72,60); color:unset; fallback to BasicZoneResolver @ https://www.oddsportal.com/build/assets/app-DduXzzDn.js:1341
[   17756ms] [ERROR] Failed to load resource: net::ERR_SSL_PROTOCOL_ERROR @ https://www.googletagmanager.com/gtm.js?id=GTM-W3GJZ5:0
[   18746ms] [ERROR] Failed to load resource: net::ERR_SSL_PROTOCOL_ERROR @ https://pagead2.googlesyndication.com/pagead/js/adsbygoogle.js:0
[   20245ms] [ERROR] Failed to load resource: net::ERR_SSL_PROTOCOL_ERROR @ https://content.livesportmedia.eu/api/v1/banners?zone-ids=3990%2C3989%2C3987%2C9977&client-type=PC&programmatic=false&betting=false:0
[   21254ms] [ERROR] Failed to load resource: net::ERR_SSL_PROTOCOL_ERROR @ https://content.livesportmedia.eu/api/v1/banners?zone-ids=3990%2C3989%2C3987%2C9977&client-type=PC&programmatic=false&betting=false:0
[   22268ms] [ERROR] Failed to load resource: net::ERR_SSL_PROTOCOL_ERROR @ https://content.livesportmedia.eu/api/v1/banners?zone-ids=3990%2C3989%2C3987%2C9977&client-type=PC&programmatic=false&betting=false:0
[   23269ms] [LOG]  %cBannerHandler %c[execute: error] color:rgb(78,162,156); color:unset; {code: 2, message: Failed to fetch, apiError: TypeError: Failed to fetch
    at https://www.oddsportal.com/build/assets/app-DduXzzDn.js:1342:2200…} @ https://www.oddsportal.com/build/assets/app-DduXzzDn.js:1341
[   25271ms] [WARNING] The resource https://www.oddsportal.com/fonts/OpenSans-Bold.woff2 was preloaded using link preload but not used within a few seconds from the window's load event. Please make sure it has an appropriate `as` value and it is preloaded intentionally. @ https://www.oddsportal.com/football/england/premier-league/:0
[   25271ms] [WARNING] The resource https://www.oddsportal.com/fonts/Montserrat-SemiBold.woff2 was preloaded using link preload but not used within a few seconds from the window's load event. Please make sure it has an appropriate `as` value and it is preloaded intentionally. @ https://www.oddsportal.com/football/england/premier-league/:0
[   25271ms] [WARNING] The resource https://www.oddsportal.com/fonts/OpenSans-Regular.woff2 was preloaded using link preload but not used within a few seconds from the window's load event. Please make sure it has an appropriate `as` value and it is preloaded intentionally. @ https://www.oddsportal.com/football/england/premier-league/:0
[   25271ms] [WARNING] The resource https://www.oddsportal.com/fonts/Montserrat-Bold.woff2 was preloaded using link preload but not used within a few seconds from the window's load event. Please make sure it has an appropriate `as` value and it is preloaded intentionally. @ https://www.oddsportal.com/football/england/premier-league/:0
